// Vitest Snapshot v1, https://vitest.dev/guide/snapshot.html

exports[`functional:Lexer > #tokenize > should tokenize #document 1`] = `
[
  {
    "end": {
      "column": 4,
      "line": 4,
      "offset": 73,
    },
    "kind": "comment",
    "start": {
      "column": 1,
      "line": 1,
      "offset": 0,
    },
  },
  {
    "end": {
      "column": 33,
      "line": 2,
      "offset": 36,
    },
    "kind": "blockTag",
    "start": {
      "column": 4,
      "line": 2,
      "offset": 7,
    },
  },
  {
    "end": {
      "column": 9,
      "line": 2,
      "offset": 12,
    },
    "kind": "blockTagId",
    "start": {
      "column": 4,
      "line": 2,
      "offset": 7,
    },
  },
  {
    "end": {
      "column": 33,
      "line": 2,
      "offset": 36,
    },
    "kind": "blockTagText",
    "start": {
      "column": 10,
      "line": 2,
      "offset": 13,
    },
  },
  {
    "end": {
      "column": 33,
      "line": 3,
      "offset": 69,
    },
    "kind": "blockTag",
    "start": {
      "column": 4,
      "line": 3,
      "offset": 40,
    },
  },
  {
    "end": {
      "column": 11,
      "line": 3,
      "offset": 47,
    },
    "kind": "blockTagId",
    "start": {
      "column": 4,
      "line": 3,
      "offset": 40,
    },
  },
  {
    "end": {
      "column": 33,
      "line": 3,
      "offset": 69,
    },
    "kind": "blockTagText",
    "start": {
      "column": 12,
      "line": 3,
      "offset": 48,
    },
  },
  {
    "end": {
      "column": 4,
      "line": 27,
      "offset": 603,
    },
    "kind": "comment",
    "start": {
      "column": 1,
      "line": 8,
      "offset": 144,
    },
  },
  {
    "end": {
      "column": 32,
      "line": 11,
      "offset": 263,
    },
    "kind": "description",
    "start": {
      "column": 4,
      "line": 9,
      "offset": 151,
    },
  },
  {
    "end": {
      "column": 33,
      "line": 13,
      "offset": 299,
    },
    "kind": "blockTag",
    "start": {
      "column": 4,
      "line": 13,
      "offset": 270,
    },
  },
  {
    "end": {
      "column": 8,
      "line": 13,
      "offset": 274,
    },
    "kind": "blockTagId",
    "start": {
      "column": 4,
      "line": 13,
      "offset": 270,
    },
  },
  {
    "end": {
      "column": 33,
      "line": 13,
      "offset": 299,
    },
    "kind": "blockTagText",
    "start": {
      "column": 9,
      "line": 13,
      "offset": 275,
    },
  },
  {
    "end": {
      "column": 33,
      "line": 13,
      "offset": 299,
    },
    "kind": "inlineTag",
    "start": {
      "column": 9,
      "line": 13,
      "offset": 275,
    },
  },
  {
    "end": {
      "column": 19,
      "line": 13,
      "offset": 285,
    },
    "kind": "inlineTagId",
    "start": {
      "column": 10,
      "line": 13,
      "offset": 276,
    },
  },
  {
    "end": {
      "column": 32,
      "line": 13,
      "offset": 298,
    },
    "kind": "inlineTagValue",
    "start": {
      "column": 20,
      "line": 13,
      "offset": 286,
    },
  },
  {
    "end": {
      "column": 33,
      "line": 14,
      "offset": 332,
    },
    "kind": "blockTag",
    "start": {
      "column": 4,
      "line": 14,
      "offset": 303,
    },
  },
  {
    "end": {
      "column": 8,
      "line": 14,
      "offset": 307,
    },
    "kind": "blockTagId",
    "start": {
      "column": 4,
      "line": 14,
      "offset": 303,
    },
  },
  {
    "end": {
      "column": 33,
      "line": 14,
      "offset": 332,
    },
    "kind": "blockTagText",
    "start": {
      "column": 9,
      "line": 14,
      "offset": 308,
    },
  },
  {
    "end": {
      "column": 33,
      "line": 14,
      "offset": 332,
    },
    "kind": "inlineTag",
    "start": {
      "column": 9,
      "line": 14,
      "offset": 308,
    },
  },
  {
    "end": {
      "column": 19,
      "line": 14,
      "offset": 318,
    },
    "kind": "inlineTagId",
    "start": {
      "column": 10,
      "line": 14,
      "offset": 309,
    },
  },
  {
    "end": {
      "column": 32,
      "line": 14,
      "offset": 331,
    },
    "kind": "inlineTagValue",
    "start": {
      "column": 20,
      "line": 14,
      "offset": 319,
    },
  },
  {
    "end": {
      "column": 53,
      "line": 19,
      "offset": 461,
    },
    "kind": "blockTag",
    "start": {
      "column": 4,
      "line": 16,
      "offset": 339,
    },
  },
  {
    "end": {
      "column": 12,
      "line": 16,
      "offset": 347,
    },
    "kind": "blockTagId",
    "start": {
      "column": 4,
      "line": 16,
      "offset": 339,
    },
  },
  {
    "end": {
      "column": 53,
      "line": 19,
      "offset": 461,
    },
    "kind": "blockTagText",
    "start": {
      "column": 5,
      "line": 17,
      "offset": 352,
    },
  },
  {
    "end": {
      "column": 43,
      "line": 21,
      "offset": 507,
    },
    "kind": "blockTag",
    "start": {
      "column": 4,
      "line": 21,
      "offset": 468,
    },
  },
  {
    "end": {
      "column": 10,
      "line": 21,
      "offset": 474,
    },
    "kind": "blockTagId",
    "start": {
      "column": 4,
      "line": 21,
      "offset": 468,
    },
  },
  {
    "end": {
      "column": 19,
      "line": 21,
      "offset": 483,
    },
    "kind": "typeExpression",
    "start": {
      "column": 11,
      "line": 21,
      "offset": 475,
    },
  },
  {
    "end": {
      "column": 43,
      "line": 21,
      "offset": 507,
    },
    "kind": "blockTagText",
    "start": {
      "column": 20,
      "line": 21,
      "offset": 484,
    },
  },
  {
    "end": {
      "column": 23,
      "line": 26,
      "offset": 599,
    },
    "kind": "blockTag",
    "start": {
      "column": 4,
      "line": 22,
      "offset": 511,
    },
  },
  {
    "end": {
      "column": 11,
      "line": 22,
      "offset": 518,
    },
    "kind": "blockTagId",
    "start": {
      "column": 4,
      "line": 22,
      "offset": 511,
    },
  },
  {
    "end": {
      "column": 6,
      "line": 26,
      "offset": 582,
    },
    "kind": "typeExpression",
    "start": {
      "column": 12,
      "line": 22,
      "offset": 519,
    },
  },
  {
    "end": {
      "column": 23,
      "line": 26,
      "offset": 599,
    },
    "kind": "blockTagText",
    "start": {
      "column": 7,
      "line": 26,
      "offset": 583,
    },
  },
  {
    "end": {
      "column": 6,
      "line": 35,
      "offset": 767,
    },
    "kind": "comment",
    "start": {
      "column": 3,
      "line": 31,
      "offset": 699,
    },
  },
  {
    "end": {
      "column": 28,
      "line": 32,
      "offset": 730,
    },
    "kind": "description",
    "start": {
      "column": 6,
      "line": 32,
      "offset": 708,
    },
  },
  {
    "end": {
      "column": 26,
      "line": 34,
      "offset": 761,
    },
    "kind": "blockTag",
    "start": {
      "column": 6,
      "line": 34,
      "offset": 741,
    },
  },
  {
    "end": {
      "column": 12,
      "line": 34,
      "offset": 747,
    },
    "kind": "blockTagId",
    "start": {
      "column": 6,
      "line": 34,
      "offset": 741,
    },
  },
  {
    "end": {
      "column": 22,
      "line": 34,
      "offset": 757,
    },
    "kind": "typeExpression",
    "start": {
      "column": 13,
      "line": 34,
      "offset": 748,
    },
  },
  {
    "end": {
      "column": 26,
      "line": 34,
      "offset": 761,
    },
    "kind": "blockTagText",
    "start": {
      "column": 23,
      "line": 34,
      "offset": 758,
    },
  },
  {
    "end": {
      "column": 6,
      "line": 42,
      "offset": 876,
    },
    "kind": "comment",
    "start": {
      "column": 3,
      "line": 38,
      "offset": 813,
    },
  },
  {
    "end": {
      "column": 23,
      "line": 39,
      "offset": 839,
    },
    "kind": "description",
    "start": {
      "column": 6,
      "line": 39,
      "offset": 822,
    },
  },
  {
    "end": {
      "column": 26,
      "line": 41,
      "offset": 870,
    },
    "kind": "blockTag",
    "start": {
      "column": 6,
      "line": 41,
      "offset": 850,
    },
  },
  {
    "end": {
      "column": 12,
      "line": 41,
      "offset": 856,
    },
    "kind": "blockTagId",
    "start": {
      "column": 6,
      "line": 41,
      "offset": 850,
    },
  },
  {
    "end": {
      "column": 22,
      "line": 41,
      "offset": 866,
    },
    "kind": "typeExpression",
    "start": {
      "column": 13,
      "line": 41,
      "offset": 857,
    },
  },
  {
    "end": {
      "column": 26,
      "line": 41,
      "offset": 870,
    },
    "kind": "blockTagText",
    "start": {
      "column": 23,
      "line": 41,
      "offset": 867,
    },
  },
]
`;
