// Vitest Snapshot v1, https://vitest.dev/guide/snapshot.html

exports[`integration:fromDocs > non-empty document > document sample 0 1`] = `
root[2]
├─0 comment[2] (1:1-4:4, 0-83)
│   ├─0 blockTag<@file>[1] (2:4-2:38, 7-41)
│   │   └─0 text "Fixtures - validateURLString" (2:10-2:38, 13-41)
│   └─1 blockTag<@module>[1] (3:4-3:38, 45-79)
│       └─0 text "fixtures/validateURLString" (3:12-3:38, 53-79)
└─1 comment[7] (10:1-25:4, 250-800)
    ├─0 description[7] (11:4-15:65, 257-461)
    │   ├─0 paragraph[5] (11:4-11:68, 257-321)
    │   │   ├─0 text "Checks if " (11:4-11:14, 257-267)
    │   │   ├─1 inlineCode "value" (11:14-11:21, 267-274)
    │   │   ├─2 text " is an instance of " (11:21-11:40, 274-293)
    │   │   ├─3 inlineTag<@linkcode> "URL" (11:40-11:55, 293-308)
    │   │   └─4 text " or a string." (11:55-11:68, 308-321)
    │   ├─1 break (11:68-12:1, 321-322)
    │   ├─2 break (12:3-13:1, 324-325)
    │   │     data: {"blank":true}
    │   ├─3 paragraph[5] (13:4-13:69, 328-393)
    │   │   ├─0 text "Throws " (13:4-13:11, 328-335)
    │   │   ├─1 linkReference[1] (13:11-13:38, 335-362)
    │   │   │   │ label: "1"
    │   │   │   │ identifier: "1"
    │   │   │   │ referenceType: "full"
    │   │   │   └─0 inlineCode "ERR_INVALID_ARG_TYPE" (13:12-13:34, 336-358)
    │   │   ├─2 text " if " (13:38-13:42, 362-366)
    │   │   ├─3 inlineCode "value" (13:42-13:49, 366-373)
    │   │   └─4 text " is of neither type." (13:49-13:69, 373-393)
    │   ├─4 break (13:69-14:1, 393-394)
    │   ├─5 break (14:3-15:1, 396-397)
    │   │     data: {"blank":true}
    │   └─6 definition (15:4-15:65, 400-461)
    │         identifier: "1"
    │         label: "1"
    │         title: null
    │         url: "https://nodejs.org/api/errors.html#err_invalid_arg_value"
    ├─1 blockTag<@see>[1] (17:4-17:41, 468-505)
    │   └─0 inlineTag<@linkcode> "ERR_INVALID_ARG_TYPE" (17:9-17:41, 473-505)
    ├─2 blockTag<@internal>[0] (19:4-19:13, 512-521)
    ├─3 blockTag<@param>[2] (21:4-21:51, 528-575)
    │   ├─0 typeExpression "unknown" (21:11-21:20, 535-544)
    │   └─1 text "value - Value supplied by user" (21:21-21:51, 545-575)
    ├─4 blockTag<@param>[2] (22:4-22:63, 579-638)
    │   ├─0 typeExpression "string" (22:11-22:19, 586-594)
    │   └─1 text "name - Name of invalid argument or property" (22:20-22:63, 595-638)
    ├─5 blockTag<@return>[7] (23:4-23:81, 642-719)
    │   ├─0 typeExpression "value is URL | string" (23:12-23:35, 650-673)
    │   ├─1 inlineCode "true" (23:36-23:42, 674-680)
    │   ├─2 text " if " (23:42-23:46, 680-684)
    │   ├─3 inlineCode "value" (23:46-23:53, 684-691)
    │   ├─4 text " is " (23:53-23:57, 691-695)
    │   ├─5 inlineCode "URL" (23:57-23:62, 695-700)
    │   └─6 text " instance or string" (23:62-23:81, 700-719)
    └─6 blockTag<@throws>[6] (24:4-24:77, 723-796)
        ├─0 typeExpression "NodeError<TypeError>" (24:12-24:34, 731-753)
        ├─1 text "If " (24:35-24:38, 754-757)
        ├─2 inlineCode "value" (24:38-24:45, 757-764)
        ├─3 text " is not " (24:45-24:53, 764-772)
        ├─4 inlineCode "URL" (24:53-24:58, 772-777)
        └─5 text " instance or string" (24:58-24:77, 777-796)
`;

exports[`integration:fromDocs > non-empty document > document sample 1 1`] = `
root[4]
├─0 comment[2] (1:1-4:4, 0-73)
│   ├─0 blockTag<@file>[1] (2:4-2:33, 7-36)
│   │   └─0 text "Fixtures - detectSyntax" (2:10-2:33, 13-36)
│   └─1 blockTag<@module>[1] (3:4-3:33, 40-69)
│       └─0 text "fixtures/detectSyntax" (3:12-3:33, 48-69)
├─1 comment[6] (8:1-27:4, 144-603)
│   ├─0 description[4] (9:4-11:32, 151-263)
│   │   ├─0 paragraph[3] (9:4-9:81, 151-228)
│   │   │   ├─0 text "Detects if " (9:4-9:15, 151-162)
│   │   │   ├─1 inlineCode "code" (9:15-9:21, 162-168)
│   │   │   └─2 text " contains CommonJS syntax, ESM syntax, or a mixture of both." (9:21-9:81, 168-228)
│   │   ├─1 break (9:81-10:1, 228-229)
│   │   ├─2 break (10:3-11:1, 231-232)
│   │   │     data: {"blank":true}
│   │   └─3 paragraph[1] (11:4-11:32, 235-263)
│   │       └─0 text "Ignores matches in comments." (11:4-11:32, 235-263)
│   ├─1 blockTag<@see>[1] (13:4-13:33, 270-299)
│   │   └─0 inlineTag<@linkcode> "hasCJSSyntax" (13:9-13:33, 275-299)
│   ├─2 blockTag<@see>[1] (14:4-14:33, 303-332)
│   │   └─0 inlineTag<@linkcode> "hasESMSyntax" (14:9-14:33, 308-332)
│   ├─3 blockTag<@example>[1] (16:4-19:53, 339-461)
│   │   └─0 code "import { detectSyntax } from '@flex-development/mlly'\\n\\nconsole.debug(detectSyntax('export default {}'))" (17:5-19:53, 352-461)
│   │         lang: null
│   │         meta: null
│   ├─4 blockTag<@param>[2] (21:4-21:43, 468-507)
│   │   ├─0 typeExpression "string" (21:11-21:19, 475-483)
│   │   └─1 text "code - Code to evaluate" (21:20-21:43, 484-507)
│   └─5 blockTag<@return>[2] (22:4-26:23, 511-599)
│       ├─0 typeExpression "{\\ncjs: boolean;\\nesm: boolean;\\nmixed: boolean\\n}" (22:12-26:6, 519-582)
│       └─1 text "Detection result" (26:7-26:23, 583-599)
├─2 comment[2] (31:3-35:6, 699-767)
│   ├─0 description[1] (32:6-32:28, 708-730)
│   │   └─0 paragraph[1] (32:6-32:28, 708-730)
│   │       └─0 text "CommonJS syntax check." (32:6-32:28, 708-730)
│   └─1 blockTag<@const>[2] (34:6-34:26, 741-761)
│       ├─0 typeExpression "boolean" (34:13-34:22, 748-757)
│       └─1 text "cjs" (34:23-34:26, 758-761)
└─3 comment[2] (38:3-42:6, 813-876)
    ├─0 description[1] (39:6-39:23, 822-839)
    │   └─0 paragraph[1] (39:6-39:23, 822-839)
    │       └─0 text "ESM syntax check." (39:6-39:23, 822-839)
    └─1 blockTag<@const>[2] (41:6-41:26, 850-870)
        ├─0 typeExpression "boolean" (41:13-41:22, 857-866)
        └─1 text "esm" (41:23-41:26, 867-870)
`;

exports[`integration:fromDocs > non-empty document > document sample 2 1`] = `
root[2]
├─0 comment[2] (1:1-4:4, 0-87)
│   ├─0 blockTag<@file>[1] (2:4-2:40, 7-43)
│   │   └─0 text "Fixtures - toRelativeSpecifier" (2:10-2:40, 13-43)
│   └─1 blockTag<@module>[1] (3:4-3:40, 47-83)
│       └─0 text "fixtures/toRelativeSpecifier" (3:12-3:40, 55-83)
└─1 comment[7] (12:1-28:4, 340-923)
    ├─0 description[4] (13:4-18:7, 347-521)
    │   ├─0 paragraph[3] (13:4-13:51, 347-394)
    │   │   ├─0 text "Converts " (13:4-13:13, 347-356)
    │   │   ├─1 inlineCode "specifier" (13:13-13:24, 356-367)
    │   │   └─2 text " into a relative specifier." (13:24-13:51, 367-394)
    │   ├─1 break (13:51-14:1, 394-395)
    │   ├─2 break (14:3-15:1, 397-398)
    │   │     data: {"blank":true}
    │   └─3 containerDirective<info>[1] (15:4-18:7, 401-521)
    │       │ attributes: {}
    │       └─0 paragraph[3] (16:4-17:30, 412-514)
    │           ├─0 text "The relative specifier will only include a file extension if " (16:4-16:65, 412-473)
    │           ├─1 inlineCode "specifier" (16:65-16:76, 473-484)
    │           └─2 text " includes a file extension." (16:76-17:30, 484-514)
    ├─1 blockTag<@see>[1] (20:4-20:24, 528-548)
    │   └─0 inlineTag<@linkcode> "URL" (20:9-20:24, 533-548)
    ├─2 blockTag<@see>[1] (21:4-21:52, 552-600)
    │   └─0 text "https://nodejs.org/api/esm.html#terminology" (21:9-21:52, 557-600)
    ├─3 blockTag<@param>[2] (23:4-23:65, 607-668)
    │   ├─0 typeExpression "URL | string" (23:11-23:25, 614-628)
    │   └─1 text "specifier - Module specifier to convert" (23:26-23:65, 629-668)
    ├─4 blockTag<@param>[2] (24:4-24:76, 672-744)
    │   ├─0 typeExpression "URL | string" (24:11-24:25, 679-693)
    │   └─1 text "parent - Parent module URL or path to resolve from" (24:26-24:76, 694-744)
    ├─5 blockTag<@return>[3] (25:4-25:54, 748-798)
    │   ├─0 typeExpression "string" (25:12-25:20, 756-764)
    │   ├─1 inlineCode "specifier" (25:21-25:32, 765-776)
    │   └─2 text " as relative specifier" (25:32-25:54, 776-798)
    └─6 blockTag<@throws>[7] (26:4-27:44, 802-919)
        ├─0 typeExpression "NodeError<TypeError>" (26:12-26:34, 810-832)
        ├─1 text "If either " (26:35-26:45, 833-843)
        ├─2 inlineCode "specifier" (26:45-26:56, 843-854)
        ├─3 text " or " (26:56-26:60, 854-858)
        ├─4 inlineCode "parent" (26:60-26:68, 858-866)
        ├─5 text " is not a string or an instance of " (26:68-27:29, 866-904)
        └─6 inlineTag<@linkcode> "URL" (27:29-27:44, 904-919)
`;

exports[`integration:fromDocs > non-empty document > document sample 3 1`] = `
root[9]
├─0 comment[3] (1:1-5:4, 0-126)
│   ├─0 blockTag<@file>[1] (2:4-2:30, 7-33)
│   │   └─0 text "Fixtures - dblLinear" (2:10-2:30, 13-33)
│   ├─1 blockTag<@module>[1] (3:4-3:30, 37-63)
│   │   └─0 text "fixtures/dblLinear" (3:12-3:30, 45-63)
│   └─2 blockTag<@see>[1] (4:4-4:59, 67-122)
│       └─0 text "https://codewars.com/kata/5672682212c8ecf83e000050" (4:9-4:59, 72-122)
├─1 comment[8] (7:1-36:4, 128-844)
│   ├─0 description[7] (8:4-21:68, 135-553)
│   │   ├─0 paragraph[5] (8:4-8:60, 135-191)
│   │   │   ├─0 text "Consider a sequence " (8:4-8:24, 135-155)
│   │   │   ├─1 inlineCode "u" (8:24-8:27, 155-158)
│   │   │   ├─2 text " where " (8:27-8:34, 158-165)
│   │   │   ├─3 inlineCode "u" (8:34-8:37, 165-168)
│   │   │   └─4 text " is defined as follows:" (8:37-8:60, 168-191)
│   │   ├─1 break (8:60-9:1, 191-192)
│   │   ├─2 break (9:3-10:1, 194-195)
│   │   │     data: {"blank":true}
│   │   ├─3 list[3] (10:5-19:15, 199-482)
│   │   │   │ ordered: true
│   │   │   │ start: 1
│   │   │   │ spread: false
│   │   │   ├─0 listItem[4] (10:5-10:53, 199-247)
│   │   │   │   │ spread: false
│   │   │   │   │ checked: null
│   │   │   │   ├─0 text "The number " (10:8-10:19, 202-213)
│   │   │   │   ├─1 inlineCode "u(0) = 1" (10:19-10:29, 213-223)
│   │   │   │   ├─2 text " is the first one in " (10:29-10:50, 223-244)
│   │   │   │   └─3 inlineCode "u" (10:50-10:53, 244-247)
│   │   │   ├─1 listItem[12] (11:5-14:15, 252-375)
│   │   │   │   │ spread: false
│   │   │   │   │ checked: null
│   │   │   │   ├─0  text "For each " (11:8-11:17, 255-264)
│   │   │   │   ├─1  inlineCode "x" (11:17-11:20, 264-267)
│   │   │   │   ├─2  text " in " (11:20-11:24, 267-271)
│   │   │   │   ├─3  inlineCode "u" (11:24-11:27, 271-274)
│   │   │   │   ├─4  text ", " (11:27-11:29, 274-276)
│   │   │   │   ├─5  inlineCode "y = 2x + 1" (11:29-11:41, 276-288)
│   │   │   │   ├─6  text " and " (11:41-11:46, 288-293)
│   │   │   │   ├─7  inlineCode "z = 3x + 1" (11:46-11:58, 293-305)
│   │   │   │   ├─8  text " must be in " (11:58-11:70, 305-317)
│   │   │   │   ├─9  inlineCode "u" (11:70-11:73, 317-320)
│   │   │   │   ├─10 text " too" (11:73-11:77, 320-324)
│   │   │   │   └─11 list[3] (12:9-14:15, 333-375)
│   │   │   │        │ ordered: false
│   │   │   │        │ start: null
│   │   │   │        │ spread: false
│   │   │   │        ├─0 listItem[1] (12:9-12:15, 333-339)
│   │   │   │        │   │ spread: false
│   │   │   │        │   │ checked: null
│   │   │   │        │   └─0 text "some" (12:11-12:15, 335-339)
│   │   │   │        ├─1 listItem[1] (13:9-13:21, 348-360)
│   │   │   │        │   │ spread: false
│   │   │   │        │   │ checked: null
│   │   │   │        │   └─0 text "additional" (13:11-13:21, 350-360)
│   │   │   │        └─2 listItem[1] (14:9-14:15, 369-375)
│   │   │   │            │ spread: false
│   │   │   │            │ checked: null
│   │   │   │            └─0 text "info" (14:11-14:15, 371-375)
│   │   │   └─2 listItem[3] (15:5-19:15, 380-482)
│   │   │       │ spread: false
│   │   │       │ checked: null
│   │   │       ├─0 text "There are no other numbers in " (15:8-15:38, 383-413)
│   │   │       ├─1 inlineCode "u" (15:38-15:41, 413-416)
│   │   │       └─2 list[4] (16:9-19:15, 425-482)
│   │   │           │ ordered: false
│   │   │           │ start: null
│   │   │           │ spread: false
│   │   │           ├─0 listItem[1] (16:9-16:15, 425-431)
│   │   │           │   │ spread: false
│   │   │           │   │ checked: null
│   │   │           │   └─0 text "some" (16:11-16:15, 427-431)
│   │   │           ├─1 listItem[1] (17:9-17:15, 440-446)
│   │   │           │   │ spread: false
│   │   │           │   │ checked: null
│   │   │           │   └─0 text "more" (17:11-17:15, 442-446)
│   │   │           ├─2 listItem[1] (18:9-18:21, 455-467)
│   │   │           │   │ spread: false
│   │   │           │   │ checked: null
│   │   │           │   └─0 text "additional" (18:11-18:21, 457-467)
│   │   │           └─3 listItem[1] (19:9-19:15, 476-482)
│   │   │               │ spread: false
│   │   │               │ checked: null
│   │   │               └─0 text "info" (19:11-19:15, 478-482)
│   │   ├─4 break (19:15-20:1, 482-483)
│   │   ├─5 break (20:3-21:1, 485-486)
│   │   │     data: {"blank":true}
│   │   └─6 paragraph[5] (21:4-21:68, 489-553)
│   │       ├─0 text "Given an index, " (21:4-21:20, 489-505)
│   │       ├─1 inlineCode "n" (21:20-21:23, 505-508)
│   │       ├─2 text ", the function returns the element at " (21:23-21:61, 508-546)
│   │       ├─3 inlineCode "u(n)" (21:61-21:67, 546-552)
│   │       └─4 text "." (21:67-21:68, 552-553)
│   ├─1 blockTag<@async>[0] (23:4-23:10, 560-566)
│   ├─2 blockTag<@example>[1] (25:4-26:28, 573-609)
│   │   └─0 code "await dblLinear(0) // 1" (26:5-26:28, 586-609)
│   │         lang: null
│   │         meta: null
│   ├─3 blockTag<@example>[1] (27:4-28:30, 613-651)
│   │   └─0 code "await dblLinear(10) // 22" (28:5-28:30, 626-651)
│   │         lang: null
│   │         meta: null
│   ├─4 blockTag<@example>[1] (29:4-30:32, 655-695)
│   │   └─0 code "await dblLinear(100) // 447" (30:5-30:32, 668-695)
│   │         lang: null
│   │         meta: null
│   ├─5 blockTag<@example>[1] (31:4-32:36, 699-743)
│   │   └─0 code "await dblLinear(7687) // 111718" (32:5-32:36, 712-743)
│   │         lang: null
│   │         meta: null
│   ├─6 blockTag<@param>[2] (34:4-34:47, 750-793)
│   │   ├─0 typeExpression "number" (34:11-34:19, 757-765)
│   │   └─1 text "n - Index of element to get" (34:20-34:47, 766-793)
│   └─7 blockTag<@return>[3] (35:4-35:47, 797-840)
│       ├─0 typeExpression "Promise<number>" (35:12-35:29, 805-822)
│       ├─1 text "Element at " (35:30-35:41, 823-834)
│       └─2 inlineCode "u(n)" (35:41-35:47, 834-840)
├─2 comment[1] (38:3-38:40, 902-939)
│   └─0 blockTag<@const>[2] (38:7-38:37, 906-936)
│       ├─0 typeExpression "number[]" (38:14-38:24, 913-923)
│       └─1 text "u - Sequence" (38:25-38:37, 924-936)
├─3 comment[1] (41:3-41:75, 969-1041)
│   └─0 blockTag<@var>[4] (41:7-41:72, 973-1038)
│       ├─0 typeExpression "number" (41:12-41:20, 978-986)
│       ├─1 text "j - Index of x in " (41:21-41:39, 987-1005)
│       ├─2 inlineTag<@linkcode> "u" (41:39-41:52, 1005-1018)
│       └─3 text " used to calculate y" (41:52-41:72, 1018-1038)
├─4 comment[1] (44:3-44:75, 1065-1137)
│   └─0 blockTag<@var>[4] (44:7-44:72, 1069-1134)
│       ├─0 typeExpression "number" (44:12-44:20, 1074-1082)
│       ├─1 text "k - Index of x in " (44:21-44:39, 1083-1101)
│       ├─2 inlineTag<@linkcode> "u" (44:39-44:52, 1101-1114)
│       └─3 text " used to calculate z" (44:52-44:72, 1114-1134)
├─5 comment[1] (47:3-49:6, 1161-1215)
│   └─0 description[1] (48:6-48:46, 1169-1209)
│       └─0 paragraph[1] (48:6-48:46, 1169-1209)
│           └─0 text "build sequence up to index n (inclusive)" (48:6-48:46, 1169-1209)
├─6 comment[1] (51:5-51:35, 1253-1283)
│   └─0 blockTag<@const>[3] (51:9-51:32, 1257-1280)
│       ├─0 typeExpression "number" (51:16-51:24, 1264-1272)
│       ├─1 text "y - " (51:25-51:29, 1273-1277)
│       └─2 inlineCode "y" (51:29-51:32, 1277-1280)
├─7 comment[1] (54:5-54:35, 1325-1355)
│   └─0 blockTag<@const>[3] (54:9-54:32, 1329-1352)
│       ├─0 typeExpression "number" (54:16-54:24, 1336-1344)
│       ├─1 text "z - " (54:25-54:29, 1345-1349)
│       └─2 inlineCode "z" (54:29-54:32, 1349-1352)
└─8 comment[1] (57:5-57:57, 1397-1449)
    └─0 description[1] (57:8-57:54, 1400-1446)
        └─0 paragraph[1] (57:8-57:54, 1400-1446)
            └─0 text "set sequence value to smallest value in [y, z]" (57:8-57:54, 1400-1446)
`;

exports[`integration:fromDocs > non-empty document > document sample 4 1`] = `
root[14]
├─0  comment[2] (1:1-4:4, 0-61)
│    ├─0 blockTag<@file>[1] (2:4-2:27, 7-30)
│    │   └─0 text "Fixtures - Reader" (2:10-2:27, 13-30)
│    └─1 blockTag<@module>[1] (3:4-3:27, 34-57)
│        └─0 text "fixtures/Reader" (3:12-3:27, 42-57)
├─1  comment[2] (12:1-16:4, 304-351)
│    ├─0 description[1] (13:4-13:27, 311-334)
│    │   └─0 paragraph[1] (13:4-13:27, 311-334)
│    │       └─0 text "Source document reader." (13:4-13:27, 311-334)
│    └─1 blockTag<@class>[0] (15:4-15:10, 341-347)
├─2  comment[5] (18:3-25:6, 369-479)
│    ├─0 description[1] (19:6-19:22, 378-394)
│    │   └─0 paragraph[1] (19:6-19:22, 378-394)
│    │       └─0 text "Source document." (19:6-19:22, 378-394)
│    ├─1 blockTag<@public>[0] (21:6-21:13, 405-412)
│    ├─2 blockTag<@readonly>[0] (22:6-22:15, 418-427)
│    ├─3 blockTag<@instance>[0] (23:6-23:15, 433-442)
│    └─4 blockTag<@member>[2] (24:6-24:31, 448-473)
│        ├─0 typeExpression "string" (24:14-24:22, 456-464)
│        └─1 text "document" (24:23-24:31, 465-473)
├─3  comment[5] (28:3-36:6, 518-726)
│    ├─0 description[1] (29:6-30:36, 527-637)
│    │   └─0 paragraph[3] (29:6-30:36, 527-637)
│    │       ├─0 text "List, where each index is a line number (" (29:6-29:47, 527-568)
│    │       ├─1 inlineCode "0" (29:47-29:50, 568-571)
│    │       └─2 text "-based), and each value is the number of columns in the line." (29:50-30:36, 571-637)
│    ├─1 blockTag<@protected>[0] (32:6-32:16, 648-658)
│    ├─2 blockTag<@readonly>[0] (33:6-33:15, 664-673)
│    ├─3 blockTag<@instance>[0] (34:6-34:15, 679-688)
│    └─4 blockTag<@member>[2] (35:6-35:32, 694-720)
│        ├─0 typeExpression "number[]" (35:14-35:24, 702-712)
│        └─1 text "indices" (35:25-35:32, 713-720)
├─4  comment[4] (39:3-45:6, 769-892)
│    ├─0 description[1] (40:6-40:47, 778-819)
│    │   └─0 paragraph[3] (40:6-40:47, 778-819)
│    │       ├─0 text "Current position in " (40:6-40:26, 778-798)
│    │       ├─1 inlineTag<@linkcode> "document" (40:26-40:46, 798-818)
│    │       └─2 text "." (40:46-40:47, 818-819)
│    ├─1 blockTag<@protected>[0] (42:6-42:16, 830-840)
│    ├─2 blockTag<@instance>[0] (43:6-43:15, 846-855)
│    └─3 blockTag<@member>[2] (44:6-44:31, 861-886)
│        ├─0 typeExpression "number" (44:14-44:22, 869-877)
│        └─1 text "position" (44:23-44:31, 878-886)
├─5  comment[3] (48:3-54:6, 925-1076)
│    ├─0 description[1] (49:6-49:42, 934-970)
│    │   └─0 paragraph[1] (49:6-49:42, 934-970)
│    │       └─0 text "Create a new source document reader." (49:6-49:42, 934-970)
│    ├─1 blockTag<@see>[1] (51:6-51:28, 981-1003)
│    │   └─0 inlineTag<@linkcode> "VFile" (51:11-51:28, 986-1003)
│    └─2 blockTag<@param>[2] (53:6-53:62, 1014-1070)
│        ├─0 typeExpression "VFile | string" (53:13-53:29, 1021-1037)
│        └─1 text "source - Source document or file" (53:30-53:62, 1038-1070)
├─6  comment[5] (61:3-75:6, 1266-1522)
│    ├─0 description[1] (62:6-62:56, 1275-1325)
│    │   └─0 paragraph[1] (62:6-62:56, 1275-1325)
│    │       └─0 text "Check if the reader is at the end of the document." (62:6-62:56, 1275-1325)
│    ├─1 blockTag<@example>[1] (64:6-69:10, 1336-1426)
│    │   └─0 code "while (!reader.eof) {\\n  // do something\\n}" (65:7-69:10, 1351-1426)
│    │         lang: "ts"
│    │         meta: null
│    ├─2 blockTag<@public>[0] (71:6-71:13, 1437-1444)
│    ├─3 blockTag<@instance>[0] (72:6-72:15, 1450-1459)
│    └─4 blockTag<@return>[3] (74:6-74:52, 1470-1516)
│        ├─0 typeExpression "boolean" (74:14-74:23, 1478-1487)
│        ├─1 inlineCode "true" (74:24-74:30, 1488-1494)
│        └─2 text " if at end of document" (74:30-74:52, 1494-1516)
├─7  comment[4] (80:3-87:6, 1606-1751)
│    ├─0 description[1] (81:6-81:47, 1615-1656)
│    │   └─0 paragraph[1] (81:6-81:47, 1615-1656)
│    │       └─0 text "Get the current position in the document." (81:6-81:47, 1615-1656)
│    ├─1 blockTag<@public>[0] (83:6-83:13, 1667-1674)
│    ├─2 blockTag<@instance>[0] (84:6-84:15, 1680-1689)
│    └─3 blockTag<@return>[2] (86:6-86:51, 1700-1745)
│        ├─0 typeExpression "number" (86:14-86:22, 1708-1716)
│        └─1 text "Current position in document" (86:23-86:51, 1717-1745)
├─8  comment[6] (92:3-104:6, 1815-2222)
│    ├─0 description[1] (93:6-94:75, 1824-1972)
│    │   └─0 paragraph[5] (93:6-94:75, 1824-1972)
│    │       ├─0 text "Get the next " (93:6-93:19, 1824-1837)
│    │       ├─1 inlineCode "k" (93:19-93:22, 1837-1840)
│    │       ├─2 text "-th character code from the document without changing the position of the reader, with " (93:22-94:35, 1840-1932)
│    │       ├─3 inlineCode "null" (94:35-94:41, 1932-1938)
│    │       └─4 text " denoting the end of the document." (94:41-94:75, 1938-1972)
│    ├─1 blockTag<@see>[1] (96:6-96:27, 1983-2004)
│    │   └─0 inlineTag<@linkcode> "Code" (96:11-96:27, 1988-2004)
│    ├─2 blockTag<@public>[0] (98:6-98:13, 2015-2022)
│    ├─3 blockTag<@instance>[0] (99:6-99:15, 2028-2037)
│    ├─4 blockTag<@param>[4] (101:6-102:43, 2048-2164)
│    │   ├─0 typeExpression "number" (101:13-101:21, 2055-2063)
│    │   ├─1 text "[k=1] - Difference between index of next " (101:22-101:63, 2064-2105)
│    │   ├─2 inlineCode "k" (101:63-101:66, 2105-2108)
│    │   └─3 text "-th character code and current position in document" (101:66-102:43, 2108-2164)
│    └─5 blockTag<@return>[3] (103:6-103:52, 2170-2216)
│        ├─0 typeExpression "Code" (103:14-103:20, 2178-2184)
│        ├─1 text "Peeked character code or " (103:21-103:46, 2185-2210)
│        └─2 inlineCode "null" (103:46-103:52, 2210-2216)
├─9  comment[7] (110:3-138:6, 2388-3460)
│    ├─0 description[12] (111:6-128:42, 2397-3216)
│    │   ├─0  paragraph[5] (111:6-111:53, 2397-2444)
│    │   │    ├─0 text "Get a " (111:6-111:12, 2397-2403)
│    │   │    ├─1 linkReference[1] (111:12-111:24, 2403-2415)
│    │   │    │   │ label: "1"
│    │   │    │   │ identifier: "1"
│    │   │    │   │ referenceType: "full"
│    │   │    │   └─0 emphasis[1] (111:13-111:20, 2404-2411)
│    │   │    │       └─0 text "point" (111:14-111:19, 2405-2410)
│    │   │    ├─2 text " in the document by " (111:24-111:44, 2415-2435)
│    │   │    ├─3 inlineCode "offset" (111:44-111:52, 2435-2443)
│    │   │    └─4 text "." (111:52-111:53, 2443-2444)
│    │   ├─1  break (111:53-112:1, 2444-2445)
│    │   ├─2  break (112:5-113:1, 2449-2450)
│    │   │      data: {"blank":true}
│    │   ├─3  paragraph[13] (113:6-114:76, 2455-2606)
│    │   │    ├─0  text "The given " (113:6-113:16, 2455-2465)
│    │   │    ├─1  inlineCode "offset" (113:16-113:24, 2465-2473)
│    │   │    ├─2  text " must be an integer in the range " (113:24-113:57, 2473-2506)
│    │   │    ├─3  inlineCode "[0, document.length]" (113:57-113:79, 2506-2528)
│    │   │    ├─4  text "." (113:79-113:80, 2528-2529)
│    │   │    ├─5  break (113:80-113:81, 2529-2530)
│    │   │    │      data: {"hard":true}
│    │   │    ├─6  text "If invalid, " (114:6-114:18, 2536-2548)
│    │   │    ├─7  inlineCode "point.column" (114:18-114:32, 2548-2562)
│    │   │    ├─8  text " and " (114:32-114:37, 2562-2567)
│    │   │    ├─9  inlineCode "point.line" (114:37-114:49, 2567-2579)
│    │   │    ├─10 text " will have a value of " (114:49-114:71, 2579-2601)
│    │   │    ├─11 inlineCode "-1" (114:71-114:75, 2601-2605)
│    │   │    └─12 text "." (114:75-114:76, 2605-2606)
│    │   ├─4  break (114:76-115:1, 2606-2607)
│    │   ├─5  break (115:5-116:1, 2611-2612)
│    │   │      data: {"blank":true}
│    │   ├─6  blockquote[7] (116:6-124:35, 2617-3064)
│    │   │    ├─0 paragraph[4] (116:8-116:63, 2619-2674)
│    │   │    │   ├─0 strong[1] (116:8-116:17, 2619-2628)
│    │   │    │   │   └─0 text "Point" (116:10-116:15, 2621-2626)
│    │   │    │   ├─1 text " represents one place in a source " (116:17-116:51, 2628-2662)
│    │   │    │   ├─2 linkReference[1] (116:51-116:62, 2662-2673)
│    │   │    │   │   │ label: "2"
│    │   │    │   │   │ identifier: "2"
│    │   │    │   │   │ referenceType: "full"
│    │   │    │   │   └─0 emphasis[1] (116:52-116:58, 2663-2669)
│    │   │    │   │       └─0 text "file" (116:53-116:57, 2664-2668)
│    │   │    │   └─3 text "." (116:62-116:63, 2673-2674)
│    │   │    ├─1 break (116:63-117:1, 2674-2675)
│    │   │    ├─2 break (117:7-118:1, 2681-2682)
│    │   │    │     data: {"blank":true}
│    │   │    ├─3 paragraph[13] (118:8-121:35, 2689-2945)
│    │   │    │   ├─0  text "The " (118:8-118:12, 2689-2693)
│    │   │    │   ├─1  inlineCode "line" (118:12-118:18, 2693-2699)
│    │   │    │   ├─2  text " field (" (118:18-118:26, 2699-2707)
│    │   │    │   ├─3  inlineCode "1" (118:26-118:29, 2707-2710)
│    │   │    │   ├─4  text "-indexed integer) represents a line in a source file. The " (118:29-119:18, 2710-2775)
│    │   │    │   ├─5  inlineCode "column" (119:18-119:26, 2775-2783)
│    │   │    │   ├─6  text " field (" (119:26-119:34, 2783-2791)
│    │   │    │   ├─7  inlineCode "1" (119:34-119:37, 2791-2794)
│    │   │    │   ├─8  text "-indexed integer) represents a column in a source file. The " (119:37-120:25, 2794-2861)
│    │   │    │   ├─9  inlineCode "offset" (120:25-120:33, 2861-2869)
│    │   │    │   ├─10 text " field (" (120:33-120:41, 2869-2877)
│    │   │    │   ├─11 inlineCode "0" (120:41-120:44, 2877-2880)
│    │   │    │   └─12 text "-indexed integer) represents a character in a source file." (120:44-121:35, 2880-2945)
│    │   │    ├─4 break (121:35-122:1, 2945-2946)
│    │   │    ├─5 break (122:7-123:1, 2952-2953)
│    │   │    │     data: {"blank":true}
│    │   │    └─6 paragraph[3] (123:8-124:35, 2960-3064)
│    │   │        ├─0 text "The term character means a (UTF-16) code unit which is defined in the " (123:8-124:1, 2960-3030)
│    │   │        ├─1 linkReference[1] (124:8-124:20, 3037-3049)
│    │   │        │   │ label: "3"
│    │   │        │   │ identifier: "3"
│    │   │        │   │ referenceType: "full"
│    │   │        │   └─0 text "Web IDL" (124:9-124:16, 3038-3045)
│    │   │        └─2 text " specification." (124:20-124:35, 3049-3064)
│    │   ├─7  break (124:35-125:1, 3064-3065)
│    │   ├─8  break (125:5-126:1, 3069-3070)
│    │   │      data: {"blank":true}
│    │   ├─9  definition (126:6-126:53, 3075-3122)
│    │   │      identifier: "1"
│    │   │      label: "1"
│    │   │      title: null
│    │   │      url: "https://github.com/syntax-tree/unist#point"
│    │   ├─10 definition (127:6-127:52, 3128-3174)
│    │   │      identifier: "2"
│    │   │      label: "2"
│    │   │      title: null
│    │   │      url: "https://github.com/syntax-tree/unist#file"
│    │   └─11 definition (128:6-128:42, 3180-3216)
│    │          identifier: "3"
│    │          label: "3"
│    │          title: null
│    │          url: "https://webidl.spec.whatwg.org/"
│    ├─1 blockTag<@see>[1] (130:6-130:28, 3227-3249)
│    │   └─0 inlineTag<@linkcode> "Point" (130:11-130:28, 3232-3249)
│    ├─2 blockTag<@see>[1] (131:6-131:53, 3255-3302)
│    │   └─0 text "https://github.com/syntax-tree/unist#point" (131:11-131:53, 3260-3302)
│    ├─3 blockTag<@public>[0] (133:6-133:13, 3313-3320)
│    ├─4 blockTag<@instance>[0] (134:6-134:15, 3326-3335)
│    ├─5 blockTag<@param>[2] (136:6-136:75, 3346-3415)
│    │   ├─0 typeExpression "number?" (136:13-136:22, 3353-3362)
│    │   └─1 text "[offset=this.index] - Index of character in document" (136:23-136:75, 3363-3415)
│    └─6 blockTag<@return>[2] (137:6-137:39, 3421-3454)
│        ├─0 typeExpression "Point" (137:14-137:21, 3429-3436)
│        └─1 text "Point in document" (137:22-137:39, 3437-3454)
├─10 comment[2] (140:5-144:8, 3518-3608)
│    ├─0 description[1] (141:8-141:45, 3529-3566)
│    │   └─0 paragraph[3] (141:8-141:45, 3529-3566)
│    │       ├─0 text "Current offset (" (141:8-141:24, 3529-3545)
│    │       ├─1 inlineCode "0" (141:24-141:27, 3545-3548)
│    │       └─2 text "-indexed integer)." (141:27-141:45, 3548-3566)
│    └─1 blockTag<@var>[2] (143:8-143:27, 3581-3600)
│        ├─0 typeExpression "number" (143:13-143:21, 3586-3594)
│        └─1 text "index" (143:22-143:27, 3595-3600)
├─11 comment[2] (147:5-151:8, 3640-3727)
│    ├─0 description[1] (148:8-148:43, 3651-3686)
│    │   └─0 paragraph[3] (148:8-148:43, 3651-3686)
│    │       ├─0 text "Current line (" (148:8-148:22, 3651-3665)
│    │       ├─1 inlineCode "1" (148:22-148:25, 3665-3668)
│    │       └─2 text "-indexed integer)." (148:25-148:43, 3668-3686)
│    └─1 blockTag<@var>[2] (150:8-150:26, 3701-3719)
│        ├─0 typeExpression "number" (150:13-150:21, 3706-3714)
│        └─1 text "line" (150:22-150:26, 3715-3719)
├─12 comment[2] (154:5-158:8, 3759-3858)
│    ├─0 description[1] (155:8-155:53, 3770-3815)
│    │   └─0 paragraph[3] (155:8-155:53, 3770-3815)
│    │       ├─0 text "Current " (155:8-155:16, 3770-3778)
│    │       ├─1 inlineTag<@linkcode> "Point" (155:16-155:33, 3778-3795)
│    │       └─2 text " in source document." (155:33-155:53, 3795-3815)
│    └─1 blockTag<@const>[2] (157:8-157:28, 3830-3850)
│        ├─0 typeExpression "Point" (157:15-157:22, 3837-3844)
│        └─1 text "point" (157:23-157:28, 3845-3850)
└─13 comment[6] (177:3-191:6, 4310-4756)
     ├─0 description[4] (178:6-181:78, 4319-4506)
     │   ├─0 paragraph[5] (178:6-179:30, 4319-4423)
     │   │   ├─0 text "Get the next " (178:6-178:19, 4319-4332)
     │   │   ├─1 inlineCode "k" (178:19-178:22, 4332-4335)
     │   │   ├─2 text "-th character code from the document, with " (178:22-178:65, 4335-4378)
     │   │   ├─3 inlineCode "null" (178:65-178:71, 4378-4384)
     │   │   └─4 text " denoting the end of the document." (178:71-179:30, 4384-4423)
     │   ├─1 break (179:30-180:1, 4423-4424)
     │   ├─2 break (180:5-181:1, 4428-4429)
     │   │     data: {"blank":true}
     │   └─3 paragraph[3] (181:6-181:78, 4434-4506)
     │       ├─0 text "Unlike " (181:6-181:13, 4434-4441)
     │       ├─1 inlineTag<@linkcode> "peek" (181:13-181:29, 4441-4457)
     │       └─2 text ", this method changes the position of the reader." (181:29-181:78, 4457-4506)
     ├─1 blockTag<@see>[1] (183:6-183:27, 4517-4538)
     │   └─0 inlineTag<@linkcode> "Code" (183:11-183:27, 4522-4538)
     ├─2 blockTag<@public>[0] (185:6-185:13, 4549-4556)
     ├─3 blockTag<@instance>[0] (186:6-186:15, 4562-4571)
     ├─4 blockTag<@param>[4] (188:6-189:43, 4582-4698)
     │   ├─0 typeExpression "number" (188:13-188:21, 4589-4597)
     │   ├─1 text "[k=1] - Difference between index of next " (188:22-188:63, 4598-4639)
     │   ├─2 inlineCode "k" (188:63-188:66, 4639-4642)
     │   └─3 text "-th character code and current position in document" (188:66-189:43, 4642-4698)
     └─5 blockTag<@return>[5] (190:6-190:52, 4704-4750)
         ├─0 typeExpression "Code" (190:14-190:20, 4712-4718)
         ├─1 text "Next " (190:21-190:26, 4719-4724)
         ├─2 inlineCode "k" (190:26-190:29, 4724-4727)
         ├─3 text "-th character or " (190:29-190:46, 4727-4744)
         └─4 inlineCode "null" (190:46-190:52, 4744-4750)
`;

exports[`integration:fromDocs > non-empty document > document sample 5 1`] = `
root[14]
├─0  comment[2] (1:1-4:4, 0-56)
│    ├─0 blockTag<@file>[1] (2:4-2:15, 7-18)
│    │   └─0 text "visit" (2:10-2:15, 13-18)
│    └─1 blockTag<@module>[1] (3:4-3:34, 22-52)
│        └─0 text "unist-util-visit/visit" (3:12-3:34, 30-52)
├─1  comment[8] (28:1-63:4, 661-2310)
│    ├─0 description[18] (29:4-49:65, 668-1786)
│    │   ├─0  paragraph[1] (29:4-29:44, 668-708)
│    │   │    └─0 text "Visit nodes, with ancestral information." (29:4-29:44, 668-708)
│    │   ├─1  break (29:44-30:1, 708-709)
│    │   ├─2  break (30:3-31:1, 711-712)
│    │   │      data: {"blank":true}
│    │   ├─3  paragraph[29] (31:4-35:67, 715-1078)
│    │   │    ├─0  text "This algorithm performs " (31:4-31:28, 715-739)
│    │   │    ├─1  linkReference[1] (31:28-31:63, 739-774)
│    │   │    │    │ label: "dft"
│    │   │    │    │ identifier: "dft"
│    │   │    │    │ referenceType: "full"
│    │   │    │    └─0 emphasis[1] (31:29-31:57, 740-768)
│    │   │    │        └─0 text "depth-first tree traversal" (31:30-31:56, 741-767)
│    │   │    ├─2  text " in " (31:63-32:1, 774-778)
│    │   │    ├─3  linkReference[1] (32:4-32:26, 781-803)
│    │   │    │    │ label: "preorder"
│    │   │    │    │ identifier: "preorder"
│    │   │    │    │ referenceType: "full"
│    │   │    │    └─0 emphasis[1] (32:5-32:15, 782-792)
│    │   │    │        └─0 text "preorder" (32:6-32:14, 783-791)
│    │   │    ├─4  text " (" (32:26-32:28, 803-805)
│    │   │    ├─5  strong[1] (32:28-32:35, 805-812)
│    │   │    │    └─0 text "NLR" (32:30-32:33, 807-810)
│    │   │    ├─6  text ") and/or " (32:35-32:44, 812-821)
│    │   │    ├─7  linkReference[1] (32:44-32:68, 821-845)
│    │   │    │    │ label: "postorder"
│    │   │    │    │ identifier: "postorder"
│    │   │    │    │ referenceType: "full"
│    │   │    │    └─0 emphasis[1] (32:45-32:56, 822-833)
│    │   │    │        └─0 text "postorder" (32:46-32:55, 823-832)
│    │   │    ├─8  text " (" (32:68-32:70, 845-847)
│    │   │    ├─9  strong[1] (32:70-32:77, 847-854)
│    │   │    │    └─0 text "LRN" (32:72-32:75, 849-852)
│    │   │    ├─10 text "), or if " (32:77-33:10, 854-866)
│    │   │    ├─11 inlineCode "reverse" (33:10-33:19, 866-875)
│    │   │    ├─12 text " is given, " (33:19-33:30, 875-886)
│    │   │    ├─13 emphasis[1] (33:30-33:48, 886-904)
│    │   │    │    └─0 text "reverse preorder" (33:31-33:47, 887-903)
│    │   │    ├─14 text " (" (33:48-33:50, 904-906)
│    │   │    ├─15 strong[1] (33:50-33:57, 906-913)
│    │   │    │    └─0 text "NRL" (33:52-33:55, 908-911)
│    │   │    ├─16 text ") and/or " (33:57-33:66, 913-922)
│    │   │    ├─17 emphasis[1] (33:66-34:14, 922-944)
│    │   │    │    └─0 text "reverse postorder" (33:67-34:13, 923-943)
│    │   │    ├─18 text " (" (34:14-34:16, 944-946)
│    │   │    ├─19 strong[1] (34:16-34:23, 946-953)
│    │   │    │    └─0 text "RLN" (34:18-34:21, 948-951)
│    │   │    ├─20 text "). Nodes are handled on " (34:23-34:47, 953-977)
│    │   │    ├─21 linkReference[1] (34:47-34:63, 977-993)
│    │   │    │    │ label: "enter"
│    │   │    │    │ identifier: "enter"
│    │   │    │    │ referenceType: "full"
│    │   │    │    └─0 emphasis[1] (34:48-34:55, 978-985)
│    │   │    │        └─0 text "enter" (34:49-34:54, 979-984)
│    │   │    ├─22 text " during " (34:63-34:71, 993-1001)
│    │   │    ├─23 emphasis[1] (34:71-34:81, 1001-1011)
│    │   │    │    └─0 text "preorder" (34:72-34:80, 1002-1010)
│    │   │    ├─24 text " traversals and on " (34:81-35:22, 1011-1033)
│    │   │    ├─25 linkReference[1] (35:22-35:36, 1033-1047)
│    │   │    │    │ label: "exit"
│    │   │    │    │ identifier: "exit"
│    │   │    │    │ referenceType: "full"
│    │   │    │    └─0 emphasis[1] (35:23-35:29, 1034-1040)
│    │   │    │        └─0 text "exit" (35:24-35:28, 1035-1039)
│    │   │    ├─26 text " during " (35:36-35:44, 1047-1055)
│    │   │    ├─27 emphasis[1] (35:44-35:55, 1055-1066)
│    │   │    │    └─0 text "postorder" (35:45-35:54, 1056-1065)
│    │   │    └─28 text " traversals." (35:55-35:67, 1066-1078)
│    │   ├─4  break (35:67-36:1, 1078-1079)
│    │   ├─5  break (36:3-37:1, 1081-1082)
│    │   │      data: {"blank":true}
│    │   ├─6  paragraph[9] (37:4-40:33, 1085-1349)
│    │   │    ├─0 text "Walking the " (37:4-37:16, 1085-1097)
│    │   │    ├─1 inlineCode "tree" (37:16-37:22, 1097-1103)
│    │   │    ├─2 text " is an intensive task. Make use of " (37:22-37:57, 1103-1138)
│    │   │    ├─3 inlineCode "visitor" (37:57-37:66, 1138-1147)
│    │   │    ├─4 text " return values whenever possible. Instead of walking " (37:66-38:42, 1147-1203)
│    │   │    ├─5 inlineCode "tree" (38:42-38:48, 1203-1209)
│    │   │    ├─6 text " multiple times, walk it once, use " (38:48-39:8, 1209-1247)
│    │   │    ├─7 linkReference[1] (39:8-39:40, 1247-1279)
│    │   │    │   │ label: "unist-util-is"
│    │   │    │   │ identifier: "unist-util-is"
│    │   │    │   │ referenceType: "full"
│    │   │    │   └─0 inlineCode "unist-util-is" (39:9-39:24, 1248-1263)
│    │   │    └─8 text " to check if a node matches, and then perform different operations." (39:40-40:33, 1279-1349)
│    │   ├─7  break (40:33-41:1, 1349-1350)
│    │   ├─8  break (41:3-42:1, 1352-1353)
│    │   │      data: {"blank":true}
│    │   ├─9  paragraph[5] (42:4-42:65, 1356-1417)
│    │   │    ├─0 text "You can change " (42:4-42:19, 1356-1371)
│    │   │    ├─1 inlineCode "tree" (42:19-42:25, 1371-1377)
│    │   │    ├─2 text ". See " (42:25-42:31, 1377-1383)
│    │   │    ├─3 inlineTag<@linkcode> "Visitor" (42:31-42:50, 1383-1402)
│    │   │    └─4 text " for more info." (42:50-42:65, 1402-1417)
│    │   ├─10 break (42:65-43:1, 1417-1418)
│    │   ├─11 break (43:3-44:1, 1420-1421)
│    │   │      data: {"blank":true}
│    │   ├─12 definition (44:4-44:69, 1424-1489)
│    │   │      identifier: "dft"
│    │   │      label: "dft"
│    │   │      title: null
│    │   │      url: "https://github.com/syntax-tree/unist#depth-first-traversal"
│    │   ├─13 definition (45:4-45:55, 1493-1544)
│    │   │      identifier: "enter"
│    │   │      label: "enter"
│    │   │      title: null
│    │   │      url: "https://github.com/syntax-tree/unist#enter"
│    │   ├─14 definition (46:4-46:53, 1548-1597)
│    │   │      identifier: "exit"
│    │   │      label: "exit"
│    │   │      title: null
│    │   │      url: "https://github.com/syntax-tree/unist#exit"
│    │   ├─15 definition (47:4-47:63, 1601-1660)
│    │   │      identifier: "postorder"
│    │   │      label: "postorder"
│    │   │      title: null
│    │   │      url: "https://github.com/syntax-tree/unist#postorder"
│    │   ├─16 definition (48:4-48:61, 1664-1721)
│    │   │      identifier: "preorder"
│    │   │      label: "preorder"
│    │   │      title: null
│    │   │      url: "https://github.com/syntax-tree/unist#preorder"
│    │   └─17 definition (49:4-49:65, 1725-1786)
│    │          identifier: "unist-util-is"
│    │          label: "unist-util-is"
│    │          title: null
│    │          url: "https://github.com/syntax-tree/unist-util-is"
│    ├─1 blockTag<@see>[1] (51:4-51:25, 1793-1814)
│    │   └─0 inlineTag<@linkcode> "Node" (51:9-51:25, 1798-1814)
│    ├─2 blockTag<@see>[1] (52:4-52:29, 1818-1843)
│    │   └─0 inlineTag<@linkcode> "Visitors" (52:9-52:29, 1823-1843)
│    ├─3 blockTag<@template>[2] (54:4-54:51, 1850-1897)
│    │   ├─0 typeExpression "Node" (54:14-54:20, 1860-1866)
│    │   └─1 text "[Tree=Node] - Tree to traverse" (54:21-54:51, 1867-1897)
│    ├─4 blockTag<@param>[2] (56:4-56:41, 1904-1941)
│    │   ├─0 typeExpression "Tree" (56:11-56:17, 1911-1917)
│    │   └─1 text "tree - Tree to traverse" (56:18-56:41, 1918-1941)
│    ├─5 blockTag<@param>[8] (57:4-59:40, 1945-2139)
│    │   ├─0 typeExpression "Visitor<Tree> | Visitors<Tree>" (57:11-57:43, 1952-1984)
│    │   ├─1 text "visitor - A function to handle nodes when entering (" (57:44-58:19, 1985-2040)
│    │   ├─2 emphasis[1] (58:19-58:29, 2040-2050)
│    │   │   └─0 text "preorder" (58:20-58:28, 2041-2049)
│    │   ├─3 text "), or an object to handle nodes when entering and leaving (" (58:29-59:13, 2050-2112)
│    │   ├─4 emphasis[1] (59:13-59:23, 2112-2122)
│    │   │   └─0 text "preorder" (59:14-59:22, 2113-2121)
│    │   ├─5 text " and " (59:23-59:28, 2122-2127)
│    │   ├─6 emphasis[1] (59:28-59:39, 2127-2138)
│    │   │   └─0 text "postorder" (59:29-59:38, 2128-2137)
│    │   └─7 text ")" (59:39-59:40, 2138-2139)
│    ├─6 blockTag<@param>[2] (60:4-61:64, 2143-2280)
│    │   ├─0 typeExpression "(boolean | null)?" (60:11-60:30, 2150-2169)
│    │   └─1 text "[reverse] - Traverse in reverse preorder (NRL) and/or postorder (RLN) instead of default traversal order(s)" (60:31-61:64, 2170-2280)
│    └─7 blockTag<@return>[2] (62:4-62:26, 2284-2306)
│        ├─0 typeExpression "void" (62:12-62:18, 2292-2298)
│        └─1 text "Nothing" (62:19-62:26, 2299-2306)
├─2  comment[11] (71:1-114:4, 2472-4594)
│    ├─0  description[22] (72:4-97:65, 2479-3881)
│    │    ├─0  paragraph[1] (72:4-72:44, 2479-2519)
│    │    │    └─0 text "Visit nodes, with ancestral information." (72:4-72:44, 2479-2519)
│    │    ├─1  break (72:44-73:1, 2519-2520)
│    │    ├─2  break (73:3-74:1, 2522-2523)
│    │    │      data: {"blank":true}
│    │    ├─3  paragraph[29] (74:4-78:67, 2526-2889)
│    │    │    ├─0  text "This algorithm performs " (74:4-74:28, 2526-2550)
│    │    │    ├─1  linkReference[1] (74:28-74:63, 2550-2585)
│    │    │    │    │ label: "dft"
│    │    │    │    │ identifier: "dft"
│    │    │    │    │ referenceType: "full"
│    │    │    │    └─0 emphasis[1] (74:29-74:57, 2551-2579)
│    │    │    │        └─0 text "depth-first tree traversal" (74:30-74:56, 2552-2578)
│    │    │    ├─2  text " in " (74:63-75:1, 2585-2589)
│    │    │    ├─3  linkReference[1] (75:4-75:26, 2592-2614)
│    │    │    │    │ label: "preorder"
│    │    │    │    │ identifier: "preorder"
│    │    │    │    │ referenceType: "full"
│    │    │    │    └─0 emphasis[1] (75:5-75:15, 2593-2603)
│    │    │    │        └─0 text "preorder" (75:6-75:14, 2594-2602)
│    │    │    ├─4  text " (" (75:26-75:28, 2614-2616)
│    │    │    ├─5  strong[1] (75:28-75:35, 2616-2623)
│    │    │    │    └─0 text "NLR" (75:30-75:33, 2618-2621)
│    │    │    ├─6  text ") and/or " (75:35-75:44, 2623-2632)
│    │    │    ├─7  linkReference[1] (75:44-75:68, 2632-2656)
│    │    │    │    │ label: "postorder"
│    │    │    │    │ identifier: "postorder"
│    │    │    │    │ referenceType: "full"
│    │    │    │    └─0 emphasis[1] (75:45-75:56, 2633-2644)
│    │    │    │        └─0 text "postorder" (75:46-75:55, 2634-2643)
│    │    │    ├─8  text " (" (75:68-75:70, 2656-2658)
│    │    │    ├─9  strong[1] (75:70-75:77, 2658-2665)
│    │    │    │    └─0 text "LRN" (75:72-75:75, 2660-2663)
│    │    │    ├─10 text "), or if " (75:77-76:10, 2665-2677)
│    │    │    ├─11 inlineCode "reverse" (76:10-76:19, 2677-2686)
│    │    │    ├─12 text " is given, " (76:19-76:30, 2686-2697)
│    │    │    ├─13 emphasis[1] (76:30-76:48, 2697-2715)
│    │    │    │    └─0 text "reverse preorder" (76:31-76:47, 2698-2714)
│    │    │    ├─14 text " (" (76:48-76:50, 2715-2717)
│    │    │    ├─15 strong[1] (76:50-76:57, 2717-2724)
│    │    │    │    └─0 text "NRL" (76:52-76:55, 2719-2722)
│    │    │    ├─16 text ") and/or " (76:57-76:66, 2724-2733)
│    │    │    ├─17 emphasis[1] (76:66-77:14, 2733-2755)
│    │    │    │    └─0 text "reverse postorder" (76:67-77:13, 2734-2754)
│    │    │    ├─18 text " (" (77:14-77:16, 2755-2757)
│    │    │    ├─19 strong[1] (77:16-77:23, 2757-2764)
│    │    │    │    └─0 text "RLN" (77:18-77:21, 2759-2762)
│    │    │    ├─20 text "). Nodes are handled on " (77:23-77:47, 2764-2788)
│    │    │    ├─21 linkReference[1] (77:47-77:63, 2788-2804)
│    │    │    │    │ label: "enter"
│    │    │    │    │ identifier: "enter"
│    │    │    │    │ referenceType: "full"
│    │    │    │    └─0 emphasis[1] (77:48-77:55, 2789-2796)
│    │    │    │        └─0 text "enter" (77:49-77:54, 2790-2795)
│    │    │    ├─22 text " during " (77:63-77:71, 2804-2812)
│    │    │    ├─23 emphasis[1] (77:71-77:81, 2812-2822)
│    │    │    │    └─0 text "preorder" (77:72-77:80, 2813-2821)
│    │    │    ├─24 text " traversals and on " (77:81-78:22, 2822-2844)
│    │    │    ├─25 linkReference[1] (78:22-78:36, 2844-2858)
│    │    │    │    │ label: "exit"
│    │    │    │    │ identifier: "exit"
│    │    │    │    │ referenceType: "full"
│    │    │    │    └─0 emphasis[1] (78:23-78:29, 2845-2851)
│    │    │    │        └─0 text "exit" (78:24-78:28, 2846-2850)
│    │    │    ├─26 text " during " (78:36-78:44, 2858-2866)
│    │    │    ├─27 emphasis[1] (78:44-78:55, 2866-2877)
│    │    │    │    └─0 text "postorder" (78:45-78:54, 2867-2876)
│    │    │    └─28 text " traversals." (78:55-78:67, 2877-2889)
│    │    ├─4  break (78:67-79:1, 2889-2890)
│    │    ├─5  break (79:3-80:1, 2892-2893)
│    │    │      data: {"blank":true}
│    │    ├─6  paragraph[5] (80:4-82:74, 2896-3110)
│    │    │    ├─0 text "You can choose which nodes visitor functions handle by passing a " (80:4-81:1, 2896-2961)
│    │    │    ├─1 linkReference[1] (81:4-81:18, 2964-2978)
│    │    │    │   │ label: "test"
│    │    │    │   │ identifier: "test"
│    │    │    │   │ referenceType: "full"
│    │    │    │   └─0 inlineCode "test" (81:5-81:11, 2965-2971)
│    │    │    ├─2 text ". For complex tests, you should test yourself in " (81:18-81:67, 2978-3027)
│    │    │    ├─3 inlineCode "visitor" (81:67-81:76, 3027-3036)
│    │    │    └─4 text " instead, as it will be faster and also have improved type information." (81:76-82:74, 3036-3110)
│    │    ├─7  break (82:74-83:1, 3110-3111)
│    │    ├─8  break (83:3-84:1, 3113-3114)
│    │    │      data: {"blank":true}
│    │    ├─9  paragraph[7] (84:4-87:38, 3117-3383)
│    │    │    ├─0 text "Walking the " (84:4-84:16, 3117-3129)
│    │    │    ├─1 inlineCode "tree" (84:16-84:22, 3129-3135)
│    │    │    ├─2 text " is an intensive task. Make use of visitor return values whenever possible. Instead of walking the " (84:22-85:46, 3135-3237)
│    │    │    ├─3 inlineCode "tree" (85:46-85:52, 3237-3243)
│    │    │    ├─4 text " multiple times, walk it once, use " (85:52-86:14, 3243-3281)
│    │    │    ├─5 linkReference[1] (86:14-86:46, 3281-3313)
│    │    │    │   │ label: "unist-util-is"
│    │    │    │   │ identifier: "unist-util-is"
│    │    │    │   │ referenceType: "full"
│    │    │    │   └─0 inlineCode "unist-util-is" (86:15-86:30, 3282-3297)
│    │    │    └─6 text " to check if a node matches, and then perform different operations." (86:46-87:38, 3313-3383)
│    │    ├─10 break (87:38-88:1, 3383-3384)
│    │    ├─11 break (88:3-89:1, 3386-3387)
│    │    │      data: {"blank":true}
│    │    ├─12 paragraph[5] (89:4-89:65, 3390-3451)
│    │    │    ├─0 text "You can change " (89:4-89:19, 3390-3405)
│    │    │    ├─1 inlineCode "tree" (89:19-89:25, 3405-3411)
│    │    │    ├─2 text ". See " (89:25-89:31, 3411-3417)
│    │    │    ├─3 inlineTag<@linkcode> "Visitor" (89:31-89:50, 3417-3436)
│    │    │    └─4 text " for more info." (89:50-89:65, 3436-3451)
│    │    ├─13 break (89:65-90:1, 3451-3452)
│    │    ├─14 break (90:3-91:1, 3454-3455)
│    │    │      data: {"blank":true}
│    │    ├─15 definition (91:4-91:69, 3458-3523)
│    │    │      identifier: "dft"
│    │    │      label: "dft"
│    │    │      title: null
│    │    │      url: "https://github.com/syntax-tree/unist#depth-first-traversal"
│    │    ├─16 definition (92:4-92:55, 3527-3578)
│    │    │      identifier: "enter"
│    │    │      label: "enter"
│    │    │      title: null
│    │    │      url: "https://github.com/syntax-tree/unist#enter"
│    │    ├─17 definition (93:4-93:53, 3582-3631)
│    │    │      identifier: "exit"
│    │    │      label: "exit"
│    │    │      title: null
│    │    │      url: "https://github.com/syntax-tree/unist#exit"
│    │    ├─18 definition (94:4-94:63, 3635-3694)
│    │    │      identifier: "postorder"
│    │    │      label: "postorder"
│    │    │      title: null
│    │    │      url: "https://github.com/syntax-tree/unist#postorder"
│    │    ├─19 definition (95:4-95:61, 3698-3755)
│    │    │      identifier: "preorder"
│    │    │      label: "preorder"
│    │    │      title: null
│    │    │      url: "https://github.com/syntax-tree/unist#preorder"
│    │    ├─20 definition (96:4-96:61, 3759-3816)
│    │    │      identifier: "test"
│    │    │      label: "test"
│    │    │      title: null
│    │    │      url: "https://github.com/syntax-tree/unist-util-is#test"
│    │    └─21 definition (97:4-97:65, 3820-3881)
│    │           identifier: "unist-util-is"
│    │           label: "unist-util-is"
│    │           title: null
│    │           url: "https://github.com/syntax-tree/unist-util-is"
│    ├─1  blockTag<@see>[1] (99:4-99:25, 3888-3909)
│    │    └─0 inlineTag<@linkcode> "Node" (99:9-99:25, 3893-3909)
│    ├─2  blockTag<@see>[1] (100:4-100:25, 3913-3934)
│    │    └─0 inlineTag<@linkcode> "Test" (100:9-100:25, 3918-3934)
│    ├─3  blockTag<@see>[1] (101:4-101:29, 3938-3963)
│    │    └─0 inlineTag<@linkcode> "Visitors" (101:9-101:29, 3943-3963)
│    ├─4  blockTag<@template>[2] (103:4-103:51, 3970-4017)
│    │    ├─0 typeExpression "Node" (103:14-103:20, 3980-3986)
│    │    └─1 text "[Tree=Node] - Tree to traverse" (103:21-103:51, 3987-4017)
│    ├─5  blockTag<@template>[2] (104:4-104:53, 4021-4070)
│    │    ├─0 typeExpression "Test" (104:14-104:20, 4031-4037)
│    │    └─1 text "[Check=Test] - Visited node test" (104:21-104:53, 4038-4070)
│    ├─6  blockTag<@param>[2] (106:4-106:41, 4077-4114)
│    │    ├─0 typeExpression "Tree" (106:11-106:17, 4084-4090)
│    │    └─1 text "tree - Tree to traverse" (106:18-106:41, 4091-4114)
│    ├─7  blockTag<@param>[4] (107:4-107:74, 4118-4188)
│    │    ├─0 typeExpression "Check" (107:11-107:18, 4125-4132)
│    │    ├─1 text "test - [" (107:19-107:27, 4133-4141)
│    │    ├─2 inlineCode "unist-util-is" (107:27-107:42, 4141-4156)
│    │    └─3 text "][unist-util-is]-compatible test" (107:42-107:74, 4156-4188)
│    ├─8  blockTag<@param>[10] (108:4-110:79, 4192-4423)
│    │    ├─0 typeExpression "Visitor<Tree, Check> | Visitors<Tree, Check>" (108:11-108:57, 4199-4245)
│    │    ├─1 text "visitor - A function to handle nodes passing " (108:58-109:25, 4246-4294)
│    │    ├─2 inlineCode "test" (109:25-109:31, 4294-4300)
│    │    ├─3 text " when entering (" (109:31-109:47, 4300-4316)
│    │    ├─4 emphasis[1] (109:47-109:57, 4316-4326)
│    │    │   └─0 text "preorder" (109:48-109:56, 4317-4325)
│    │    ├─5 text "), or an object to handle passing nodes when entering and leaving (" (109:57-110:52, 4326-4396)
│    │    ├─6 emphasis[1] (110:52-110:62, 4396-4406)
│    │    │   └─0 text "preorder" (110:53-110:61, 4397-4405)
│    │    ├─7 text " and " (110:62-110:67, 4406-4411)
│    │    ├─8 emphasis[1] (110:67-110:78, 4411-4422)
│    │    │   └─0 text "postorder" (110:68-110:77, 4412-4421)
│    │    └─9 text ")" (110:78-110:79, 4422-4423)
│    ├─9  blockTag<@param>[2] (111:4-112:64, 4427-4564)
│    │    ├─0 typeExpression "(boolean | null)?" (111:11-111:30, 4434-4453)
│    │    └─1 text "[reverse] - Traverse in reverse preorder (NRL) and/or postorder (RLN) instead of default traversal order(s)" (111:31-112:64, 4454-4564)
│    └─10 blockTag<@return>[2] (113:4-113:26, 4568-4590)
│         ├─0 typeExpression "void" (113:12-113:18, 4576-4582)
│         └─1 text "Nothing" (113:19-113:26, 4583-4590)
├─3  comment[10] (123:1-138:4, 4800-5363)
│    ├─0 description[1] (124:4-124:44, 4807-4847)
│    │   └─0 paragraph[1] (124:4-124:44, 4807-4847)
│    │       └─0 text "Visit nodes, with ancestral information." (124:4-124:44, 4807-4847)
│    ├─1 blockTag<@see>[1] (126:4-126:25, 4854-4875)
│    │   └─0 inlineTag<@linkcode> "Node" (126:9-126:25, 4859-4875)
│    ├─2 blockTag<@see>[1] (127:4-127:25, 4879-4900)
│    │   └─0 inlineTag<@linkcode> "Test" (127:9-127:25, 4884-4900)
│    ├─3 blockTag<@see>[1] (128:4-128:28, 4904-4928)
│    │   └─0 inlineTag<@linkcode> "Visitor" (128:9-128:28, 4909-4928)
│    ├─4 blockTag<@see>[1] (129:4-129:29, 4932-4957)
│    │   └─0 inlineTag<@linkcode> "Visitors" (129:9-129:29, 4937-4957)
│    ├─5 blockTag<@param>[2] (131:4-131:41, 4964-5001)
│    │   ├─0 typeExpression "Node" (131:11-131:17, 4971-4977)
│    │   └─1 text "tree - Tree to traverse" (131:18-131:41, 4978-5001)
│    ├─6 blockTag<@param>[3] (132:4-132:76, 5005-5077)
│    │   ├─0 typeExpression "Test | Visitor | Visitors" (132:11-132:38, 5012-5039)
│    │   ├─1 text "test - Visited node test or " (132:39-132:67, 5040-5068)
│    │   └─2 inlineCode "visitor" (132:67-132:76, 5068-5077)
│    ├─7 blockTag<@param>[3] (133:4-135:31, 5081-5265)
│    │   ├─0 typeExpression "(Visitor | Visitors | boolean | null)?" (133:11-133:51, 5088-5128)
│    │   ├─1 text "[visitor] - A function to handle entering nodes, an object containing functions to handle entering and leaving nodes, or " (133:52-135:22, 5129-5256)
│    │   └─2 inlineCode "reverse" (135:22-135:31, 5256-5265)
│    ├─8 blockTag<@param>[2] (136:4-136:68, 5269-5333)
│    │   ├─0 typeExpression "(boolean | null)?" (136:11-136:30, 5276-5295)
│    │   └─1 text "[reverse] - Traverse in reverse order" (136:31-136:68, 5296-5333)
│    └─9 blockTag<@return>[2] (137:4-137:26, 5337-5359)
│        ├─0 typeExpression "void" (137:12-137:18, 5345-5351)
│        └─1 text "Nothing" (137:19-137:26, 5352-5359)
├─4  comment[2] (155:3-159:6, 5774-5833)
│    ├─0 description[1] (156:6-156:19, 5783-5796)
│    │   └─0 paragraph[1] (156:6-156:19, 5783-5796)
│    │       └─0 text "Node checker." (156:6-156:19, 5783-5796)
│    └─1 blockTag<@const>[2] (158:6-158:26, 5807-5827)
│        ├─0 typeExpression "Check" (158:13-158:20, 5814-5821)
│        └─1 text "check" (158:21-158:26, 5822-5827)
├─5  comment[2] (162:3-166:6, 5880-5973)
│    ├─0 description[1] (163:6-163:53, 5889-5936)
│    │   └─0 paragraph[1] (163:6-163:53, 5889-5936)
│    │       └─0 text "Default value used to move between child nodes." (163:6-163:53, 5889-5936)
│    └─1 blockTag<@const>[2] (165:6-165:26, 5947-5967)
│        ├─0 typeExpression "number" (165:13-165:21, 5954-5962)
│        └─1 text "step" (165:22-165:26, 5963-5967)
├─6  comment[4] (169:3-176:6, 6017-6250)
│    ├─0 description[1] (170:6-170:63, 6026-6083)
│    │   └─0 paragraph[5] (170:6-170:63, 6026-6083)
│    │       ├─0 text "Convert a visitor " (170:6-170:24, 6026-6044)
│    │       ├─1 inlineCode "result" (170:24-170:32, 6044-6052)
│    │       ├─2 text " to an " (170:32-170:39, 6052-6059)
│    │       ├─3 inlineTag<@linkcode> "ActionTuple" (170:39-170:62, 6059-6082)
│    │       └─4 text "." (170:62-170:63, 6082-6083)
│    ├─1 blockTag<@this>[1] (172:6-172:18, 6094-6106)
│    │   └─0 typeExpression "void" (172:12-172:18, 6100-6106)
│    ├─2 blockTag<@param>[2] (174:6-174:75, 6117-6186)
│    │   ├─0 typeExpression "VisitorResult" (174:13-174:28, 6124-6139)
│    │   └─1 text "result - Result returned from visitor function" (174:29-174:75, 6140-6186)
│    └─3 blockTag<@return>[2] (175:6-175:58, 6192-6244)
│        ├─0 typeExpression "ActionTuple" (175:14-175:27, 6200-6213)
│        └─1 text "Visitor result as action tuple" (175:28-175:58, 6214-6244)
├─7  comment[11] (190:3-205:6, 6553-7044)
│    ├─0  description[1] (191:6-191:39, 6562-6595)
│    │    └─0 paragraph[1] (191:6-191:39, 6562-6595)
│    │        └─0 text "Build a function to visit a node." (191:6-191:39, 6562-6595)
│    ├─1  blockTag<@see>[1] (193:6-193:34, 6606-6634)
│    │    └─0 inlineTag<@linkcode> "ActionTuple" (193:11-193:34, 6611-6634)
│    ├─2  blockTag<@see>[1] (194:6-194:28, 6640-6662)
│    │    └─0 inlineTag<@linkcode> "Index" (194:11-194:28, 6645-6662)
│    ├─3  blockTag<@see>[1] (195:6-195:27, 6668-6689)
│    │    └─0 inlineTag<@linkcode> "Node" (195:11-195:27, 6673-6689)
│    ├─4  blockTag<@see>[1] (196:6-196:29, 6695-6718)
│    │    └─0 inlineTag<@linkcode> "Parent" (196:11-196:29, 6700-6718)
│    ├─5  blockTag<@this>[1] (198:6-198:18, 6729-6741)
│    │    └─0 typeExpression "void" (198:12-198:18, 6735-6741)
│    ├─6  blockTag<@param>[2] (200:6-200:37, 6752-6783)
│    │    ├─0 typeExpression "Node" (200:13-200:19, 6759-6765)
│    │    └─1 text "node - Found node" (200:20-200:37, 6766-6783)
│    ├─7  blockTag<@param>[5] (201:6-201:75, 6789-6858)
│    │    ├─0 typeExpression "Optional<Index>" (201:13-201:30, 6796-6813)
│    │    ├─1 text "index - Index of " (201:31-201:48, 6814-6831)
│    │    ├─2 inlineCode "node" (201:48-201:54, 6831-6837)
│    │    ├─3 text " in " (201:54-201:58, 6837-6841)
│    │    └─4 inlineCode "parent.children" (201:58-201:75, 6841-6858)
│    ├─8  blockTag<@param>[3] (202:6-202:57, 6864-6915)
│    │    ├─0 typeExpression "Optional<Parent>" (202:13-202:31, 6871-6889)
│    │    ├─1 text "parent - Parent of " (202:32-202:51, 6890-6909)
│    │    └─2 inlineCode "node" (202:51-202:57, 6909-6915)
│    ├─9  blockTag<@param>[2] (203:6-203:53, 6921-6968)
│    │    ├─0 typeExpression "Parent[]" (203:13-203:23, 6928-6938)
│    │    └─1 text "ancestors - Ancestors of node" (203:24-203:53, 6939-6968)
│    └─10 blockTag<@return>[2] (204:6-204:70, 6974-7038)
│         ├─0 typeExpression "Fn<EmptyArray, Readonly<ActionTuple>>" (204:14-204:53, 6982-7021)
│         └─1 text "Visitor function" (204:54-204:70, 7022-7038)
├─8  comment[2] (214:7-218:10, 7256-7338)
│    ├─0 description[1] (215:10-215:20, 7269-7279)
│    │   └─0 paragraph[1] (215:10-215:20, 7269-7279)
│    │       └─0 text "Node name." (215:10-215:20, 7269-7279)
│    └─1 blockTag<@const>[2] (217:10-217:40, 7298-7328)
│        ├─0 typeExpression "Nullable<string>" (217:17-217:35, 7305-7323)
│        └─1 text "name" (217:36-217:40, 7324-7328)
├─9  comment[3] (229:5-235:8, 7603-7745)
│    ├─0 description[1] (230:8-230:21, 7614-7627)
│    │   └─0 paragraph[3] (230:8-230:21, 7614-7627)
│    │       ├─0 text "Visit " (230:8-230:14, 7614-7620)
│    │       ├─1 inlineCode "node" (230:14-230:20, 7620-7626)
│    │       └─2 text "." (230:20-230:21, 7626-7627)
│    ├─1 blockTag<@see>[1] (232:8-232:36, 7642-7670)
│    │   └─0 inlineTag<@linkcode> "ActionTuple" (232:13-232:36, 7647-7670)
│    └─2 blockTag<@return>[2] (234:8-234:60, 7685-7737)
│        ├─0 typeExpression "Readonly<ActionTuple>" (234:16-234:39, 7693-7716)
│        └─1 text "Clean visitor result" (234:40-234:60, 7717-7737)
├─10 comment[2] (239:7-243:10, 7848-7938)
│    ├─0 description[1] (240:10-240:38, 7861-7889)
│    │   └─0 paragraph[1] (240:10-240:38, 7861-7889)
│    │       └─0 text "Index of current child node." (240:10-240:38, 7861-7889)
│    └─1 blockTag<@var>[2] (242:10-242:30, 7908-7928)
│        ├─0 typeExpression "number" (242:15-242:23, 7913-7921)
│        └─1 text "offset" (242:24-242:30, 7922-7928)
├─11 comment[2] (246:7-250:10, 7975-8073)
│    ├─0 description[1] (247:10-247:31, 7988-8009)
│    │   └─0 paragraph[1] (247:10-247:31, 7988-8009)
│    │       └─0 text "Clean visitor result." (247:10-247:31, 7988-8009)
│    └─1 blockTag<@var>[2] (249:10-249:45, 8028-8063)
│        ├─0 typeExpression "Readonly<ActionTuple>" (249:15-249:38, 8033-8056)
│        └─1 text "result" (249:39-249:45, 8057-8063)
├─12 comment[2] (263:11-267:14, 8576-8664)
│    ├─0 description[1] (264:14-264:25, 8593-8604)
│    │   └─0 paragraph[1] (264:14-264:25, 8593-8604)
│    │       └─0 text "Child node." (264:14-264:25, 8593-8604)
│    └─1 blockTag<@const>[2] (266:14-266:33, 8631-8650)
│        ├─0 typeExpression "Node" (266:21-266:27, 8638-8644)
│        └─1 text "child" (266:28-266:33, 8645-8650)
└─13 comment[2] (270:11-274:14, 8728-8869)
     ├─0 description[1] (271:14-271:57, 8745-8788)
     │   └─0 paragraph[3] (271:14-271:57, 8745-8788)
     │       ├─0 text "Clean visitor result for " (271:14-271:39, 8745-8770)
     │       ├─1 inlineTag<@linkcode> "child" (271:39-271:56, 8770-8787)
     │       └─2 text "." (271:56-271:57, 8787-8788)
     └─1 blockTag<@const>[2] (273:14-273:54, 8815-8855)
         ├─0 typeExpression "Readonly<ActionTuple>" (273:21-273:44, 8822-8845)
         └─1 text "subresult" (273:45-273:54, 8846-8855)
`;

exports[`integration:fromDocs > non-empty snippet > snippet sample 0 1`] = `
root[1]
└─0 comment[7] (110:3-138:6, 2388-3460)
    ├─0 description[12] (111:6-128:42, 2397-3216)
    │   ├─0  paragraph[5] (111:6-111:53, 2397-2444)
    │   │    ├─0 text "Get a " (111:6-111:12, 2397-2403)
    │   │    ├─1 linkReference[1] (111:12-111:24, 2403-2415)
    │   │    │   │ label: "1"
    │   │    │   │ identifier: "1"
    │   │    │   │ referenceType: "full"
    │   │    │   └─0 emphasis[1] (111:13-111:20, 2404-2411)
    │   │    │       └─0 text "point" (111:14-111:19, 2405-2410)
    │   │    ├─2 text " in the document by " (111:24-111:44, 2415-2435)
    │   │    ├─3 inlineCode "offset" (111:44-111:52, 2435-2443)
    │   │    └─4 text "." (111:52-111:53, 2443-2444)
    │   ├─1  break (111:53-112:1, 2444-2445)
    │   ├─2  break (112:5-113:1, 2449-2450)
    │   │      data: {"blank":true}
    │   ├─3  paragraph[13] (113:6-114:76, 2455-2606)
    │   │    ├─0  text "The given " (113:6-113:16, 2455-2465)
    │   │    ├─1  inlineCode "offset" (113:16-113:24, 2465-2473)
    │   │    ├─2  text " must be an integer in the range " (113:24-113:57, 2473-2506)
    │   │    ├─3  inlineCode "[0, document.length]" (113:57-113:79, 2506-2528)
    │   │    ├─4  text "." (113:79-113:80, 2528-2529)
    │   │    ├─5  break (113:80-113:81, 2529-2530)
    │   │    │      data: {"hard":true}
    │   │    ├─6  text "If invalid, " (114:6-114:18, 2536-2548)
    │   │    ├─7  inlineCode "point.column" (114:18-114:32, 2548-2562)
    │   │    ├─8  text " and " (114:32-114:37, 2562-2567)
    │   │    ├─9  inlineCode "point.line" (114:37-114:49, 2567-2579)
    │   │    ├─10 text " will have a value of " (114:49-114:71, 2579-2601)
    │   │    ├─11 inlineCode "-1" (114:71-114:75, 2601-2605)
    │   │    └─12 text "." (114:75-114:76, 2605-2606)
    │   ├─4  break (114:76-115:1, 2606-2607)
    │   ├─5  break (115:5-116:1, 2611-2612)
    │   │      data: {"blank":true}
    │   ├─6  blockquote[7] (116:6-124:35, 2617-3064)
    │   │    ├─0 paragraph[4] (116:8-116:63, 2619-2674)
    │   │    │   ├─0 strong[1] (116:8-116:17, 2619-2628)
    │   │    │   │   └─0 text "Point" (116:10-116:15, 2621-2626)
    │   │    │   ├─1 text " represents one place in a source " (116:17-116:51, 2628-2662)
    │   │    │   ├─2 linkReference[1] (116:51-116:62, 2662-2673)
    │   │    │   │   │ label: "2"
    │   │    │   │   │ identifier: "2"
    │   │    │   │   │ referenceType: "full"
    │   │    │   │   └─0 emphasis[1] (116:52-116:58, 2663-2669)
    │   │    │   │       └─0 text "file" (116:53-116:57, 2664-2668)
    │   │    │   └─3 text "." (116:62-116:63, 2673-2674)
    │   │    ├─1 break (116:63-117:1, 2674-2675)
    │   │    ├─2 break (117:7-118:1, 2681-2682)
    │   │    │     data: {"blank":true}
    │   │    ├─3 paragraph[13] (118:8-121:35, 2689-2945)
    │   │    │   ├─0  text "The " (118:8-118:12, 2689-2693)
    │   │    │   ├─1  inlineCode "line" (118:12-118:18, 2693-2699)
    │   │    │   ├─2  text " field (" (118:18-118:26, 2699-2707)
    │   │    │   ├─3  inlineCode "1" (118:26-118:29, 2707-2710)
    │   │    │   ├─4  text "-indexed integer) represents a line in a source file. The " (118:29-119:18, 2710-2775)
    │   │    │   ├─5  inlineCode "column" (119:18-119:26, 2775-2783)
    │   │    │   ├─6  text " field (" (119:26-119:34, 2783-2791)
    │   │    │   ├─7  inlineCode "1" (119:34-119:37, 2791-2794)
    │   │    │   ├─8  text "-indexed integer) represents a column in a source file. The " (119:37-120:25, 2794-2861)
    │   │    │   ├─9  inlineCode "offset" (120:25-120:33, 2861-2869)
    │   │    │   ├─10 text " field (" (120:33-120:41, 2869-2877)
    │   │    │   ├─11 inlineCode "0" (120:41-120:44, 2877-2880)
    │   │    │   └─12 text "-indexed integer) represents a character in a source file." (120:44-121:35, 2880-2945)
    │   │    ├─4 break (121:35-122:1, 2945-2946)
    │   │    ├─5 break (122:7-123:1, 2952-2953)
    │   │    │     data: {"blank":true}
    │   │    └─6 paragraph[3] (123:8-124:35, 2960-3064)
    │   │        ├─0 text "The term character means a (UTF-16) code unit which is defined in the " (123:8-124:1, 2960-3030)
    │   │        ├─1 linkReference[1] (124:8-124:20, 3037-3049)
    │   │        │   │ label: "3"
    │   │        │   │ identifier: "3"
    │   │        │   │ referenceType: "full"
    │   │        │   └─0 text "Web IDL" (124:9-124:16, 3038-3045)
    │   │        └─2 text " specification." (124:20-124:35, 3049-3064)
    │   ├─7  break (124:35-125:1, 3064-3065)
    │   ├─8  break (125:5-126:1, 3069-3070)
    │   │      data: {"blank":true}
    │   ├─9  definition (126:6-126:53, 3075-3122)
    │   │      identifier: "1"
    │   │      label: "1"
    │   │      title: null
    │   │      url: "https://github.com/syntax-tree/unist#point"
    │   ├─10 definition (127:6-127:52, 3128-3174)
    │   │      identifier: "2"
    │   │      label: "2"
    │   │      title: null
    │   │      url: "https://github.com/syntax-tree/unist#file"
    │   └─11 definition (128:6-128:42, 3180-3216)
    │          identifier: "3"
    │          label: "3"
    │          title: null
    │          url: "https://webidl.spec.whatwg.org/"
    ├─1 blockTag<@see>[1] (130:6-130:28, 3227-3249)
    │   └─0 inlineTag<@linkcode> "Point" (130:11-130:28, 3232-3249)
    ├─2 blockTag<@see>[1] (131:6-131:53, 3255-3302)
    │   └─0 text "https://github.com/syntax-tree/unist#point" (131:11-131:53, 3260-3302)
    ├─3 blockTag<@public>[0] (133:6-133:13, 3313-3320)
    ├─4 blockTag<@instance>[0] (134:6-134:15, 3326-3335)
    ├─5 blockTag<@param>[2] (136:6-136:75, 3346-3415)
    │   ├─0 typeExpression "number?" (136:13-136:22, 3353-3362)
    │   └─1 text "[offset=this.index] - Index of character in document" (136:23-136:75, 3363-3415)
    └─6 blockTag<@return>[2] (137:6-137:39, 3421-3454)
        ├─0 typeExpression "Point" (137:14-137:21, 3429-3436)
        └─1 text "Point in document" (137:22-137:39, 3437-3454)
`;
